
éæ§¤óÛ: samples/2004/Arc.dwg
[DEBUG] Decrypted header (full 0x6C bytes):
  0x00: 41 63 46 73 73 46 63 41 4A 4D 42 00 00 00 00 00 
  0x10: 6C 00 00 00 04 00 00 00 00 00 00 00 00 00 00 00 
  0x20: 00 00 00 00 01 00 00 00 14 00 00 00 40 F9 00 00 
  0x30: 00 00 00 00 FD F4 00 00 00 00 00 00 00 00 00 00 
  0x40: 12 00 00 00 20 00 00 00 80 00 00 00 40 00 00 00 
  0x50: 14 00 00 00 40 F3 00 00 00 00 00 00 13 00 00 00 
  0x60: 14 00 00 00 00 00 00 00 D6 00 13 17 
[DEBUG] file_ID_string: "AcFssFcAJMB " (should be "AcFssFcAJMB")
[DEBUG] decryptedHeader[0x24] = 0x00000001
[DEBUG] decryptedHeader[0x28] = 0x00000014
[DEBUG] decryptedHeader[0x2C] = 0x0000F940
[DEBUG] decryptedHeader[0x50] = 0x00000014
[DEBUG] decryptedHeader[0x54] = 0x0000F340
[DEBUG] decryptedHeader[0x58] = 0x00000000
[DEBUG] decryptedHeader[0x5C] = 0x00000013
[DEBUG] decryptedHeader[0x60] = 0x00000014
[DEBUG] Section map address at 0x54-0x5B: raw=0x000000000000F340
[DEBUG] R2004SectionMap.read: sectionMapByteOffset=0xF340
[DEBUG] R2004SectionMap: section_type=0x41630E3B
[DEBUG] R2004SectionMap: decomp_size=144, comp_size=149, compression=2, checksum=0x65470F66
[DEBUG] R2004SectionMap: Read 149 bytes of compressed data
[DEBUG] R2004SectionMap: First 32 bytes of compressed (hex):
  0E 01 00 00 00 A0 00 00 00 02 00 00 00 20 6C 00 00 03 4C 01 02 A0 01 00 00 04 4C 01 02 20 07 00 
[DEBUG] Case 0: opcode1=0x00, byte1=0x00, opcode2=0x04
[DEBUG] Case 0 result: length=19, offset=1, dstPos=22
[DEBUG] Case 0: opcode1=0x07, byte1=0x00, opcode2=0x00
[DEBUG] Case 0 result: length=26, offset=1, dstPos=45
[DEBUG] Case 0: opcode1=0x00, byte1=0x00, opcode2=0x07
[DEBUG] Case 0 result: length=19, offset=1, dstPos=84
[DEBUG] Case 0: opcode1=0x08, byte1=0x4C, opcode2=0x01
[DEBUG] Case 0 result: length=27, offset=77, dstPos=110
[DEBUG] Case 0: opcode1=0x00, byte1=0x05, opcode2=0x00
[DEBUG] Case 0 result: length=19, offset=6, dstPos=138
[WARN] R2004SectionMap: Decompression failed: Destination overflow during reference copy
java.lang.Exception: Destination overflow during reference copy
	at io.dwg.core.util.R2004Lz77Decompressor.decompress(R2004Lz77Decompressor.java:65)
	at io.dwg.format.r2004.R2004SectionMap.read(R2004SectionMap.java:77)
	at io.dwg.format.r2004.R2004FileStructureHandler.readSections(R2004FileStructureHandler.java:234)
	at io.dwg.api.DwgReader.open(DwgReader.java:64)
	at io.dwg.api.DwgReader.open(DwgReader.java:40)
	at run.SimpleR2004Test.main(SimpleR2004Test.java:21)
[DEBUG] R2004: Section map loaded with 0 sections
[DEBUG] DwgReader: objectsStream found: false
  ¿—â■: R2004
  ¯Çû¥: 0
  ? ¯Çû¥¯À ƒ½§âÇüÇì

éæ§¤óÛ: samples/2004/Line.dwg
[DEBUG] Decrypted header (full 0x6C bytes):
  0x00: 41 63 46 73 73 46 63 41 4A 4D 42 00 00 00 00 00 
  0x10: 6C 00 00 00 04 00 00 00 00 00 00 00 00 00 00 00 
  0x20: 00 00 00 00 01 00 00 00 14 00 00 00 80 F6 00 00 
  0x30: 00 00 00 00 3A F2 00 00 00 00 00 00 00 00 00 00 
  0x40: 12 00 00 00 20 00 00 00 80 00 00 00 40 00 00 00 
  0x50: 14 00 00 00 80 F0 00 00 00 00 00 00 13 00 00 00 
  0x60: 14 00 00 00 00 00 00 00 92 F3 E4 33 
[DEBUG] file_ID_string: "AcFssFcAJMB " (should be "AcFssFcAJMB")
[DEBUG] decryptedHeader[0x24] = 0x00000001
[DEBUG] decryptedHeader[0x28] = 0x00000014
[DEBUG] decryptedHeader[0x2C] = 0x0000F680
[DEBUG] decryptedHeader[0x50] = 0x00000014
[DEBUG] decryptedHeader[0x54] = 0x0000F080
[DEBUG] decryptedHeader[0x58] = 0x00000000
[DEBUG] decryptedHeader[0x5C] = 0x00000013
[DEBUG] decryptedHeader[0x60] = 0x00000014
[DEBUG] Section map address at 0x54-0x5B: raw=0x000000000000F080
[DEBUG] R2004SectionMap.read: sectionMapByteOffset=0xF080
[DEBUG] R2004SectionMap: section_type=0x41630E3B
[DEBUG] R2004SectionMap: decomp_size=144, comp_size=146, compression=2, checksum=0x41030F4E
[DEBUG] R2004SectionMap: Read 146 bytes of compressed data
[DEBUG] R2004SectionMap: First 32 bytes of compressed (hex):
  0E 01 00 00 00 A0 00 00 00 02 00 00 00 20 6C 00 00 03 4C 01 02 A0 01 00 00 04 4C 01 02 20 07 00 
[DEBUG] Case 0: opcode1=0x00, byte1=0x00, opcode2=0x04
[DEBUG] Case 0 result: length=19, offset=1, dstPos=22
[DEBUG] Case 0: opcode1=0x07, byte1=0x00, opcode2=0x00
[DEBUG] Case 0 result: length=26, offset=1, dstPos=45
[DEBUG] Case 0: opcode1=0x00, byte1=0x00, opcode2=0x07
[DEBUG] Case 0 result: length=19, offset=1, dstPos=84
[DEBUG] Case 0: opcode1=0x08, byte1=0x4C, opcode2=0x01
[DEBUG] Case 0 result: length=27, offset=77, dstPos=110
[DEBUG] Case 0: opcode1=0x00, byte1=0x05, opcode2=0x00
[DEBUG] Case 0 result: length=19, offset=6, dstPos=138
[WARN] R2004SectionMap: Decompression failed: Destination overflow during reference copy
java.lang.Exception: Destination overflow during reference copy
	at io.dwg.core.util.R2004Lz77Decompressor.decompress(R2004Lz77Decompressor.java:65)
	at io.dwg.format.r2004.R2004SectionMap.read(R2004SectionMap.java:77)
	at io.dwg.format.r2004.R2004FileStructureHandler.readSections(R2004FileStructureHandler.java:234)
	at io.dwg.api.DwgReader.open(DwgReader.java:64)
	at io.dwg.api.DwgReader.open(DwgReader.java:40)
	at run.SimpleR2004Test.main(SimpleR2004Test.java:21)
[DEBUG] R2004: Section map loaded with 0 sections
[DEBUG] DwgReader: objectsStream found: false
  ¿—â■: R2004
  ¯Çû¥: 0
  ? ¯Çû¥¯À ƒ½§âÇüÇì

éæ§¤óÛ: samples/example_2004.dwg
[DEBUG] Decrypted header (full 0x6C bytes):
  0x00: 41 63 46 73 73 46 63 41 4A 4D 42 00 00 00 00 00 
  0x10: 6C 00 00 00 04 00 00 00 00 00 00 00 00 00 00 00 
  0x20: 00 00 00 00 01 00 00 00 1C 00 00 00 20 E2 02 00 
  0x30: 00 00 00 00 86 DD 02 00 00 00 00 00 00 00 00 00 
  0x40: 1A 00 00 00 20 00 00 00 80 00 00 00 40 00 00 00 
  0x50: 1C 00 00 00 A0 DB 02 00 00 00 00 00 1B 00 00 00 
  0x60: 1C 00 00 00 00 00 00 00 97 D3 D9 20 
[DEBUG] file_ID_string: "AcFssFcAJMB " (should be "AcFssFcAJMB")
[DEBUG] decryptedHeader[0x24] = 0x00000001
[DEBUG] decryptedHeader[0x28] = 0x0000001C
[DEBUG] decryptedHeader[0x2C] = 0x0002E220
[DEBUG] decryptedHeader[0x50] = 0x0000001C
[DEBUG] decryptedHeader[0x54] = 0x0002DBA0
[DEBUG] decryptedHeader[0x58] = 0x00000000
[DEBUG] decryptedHeader[0x5C] = 0x0000001B
[DEBUG] decryptedHeader[0x60] = 0x0000001C
[DEBUG] Section map address at 0x54-0x5B: raw=0x000000000002DBA0
[DEBUG] R2004SectionMap.read: sectionMapByteOffset=0x2DBA0
[DEBUG] R2004SectionMap: section_type=0x41630E3B
[DEBUG] R2004SectionMap: decomp_size=208, comp_size=190, compression=2, checksum=0x2EB512F1
[DEBUG] R2004SectionMap: Read 190 bytes of compressed data
[DEBUG] R2004SectionMap: First 32 bytes of compressed (hex):
  0E 01 00 00 00 A0 00 00 00 02 00 00 00 20 7C 00 00 03 5C 01 00 0A 03 00 00 04 00 00 00 A0 05 00 
[DEBUG] Case 0: opcode1=0x00, byte1=0x00, opcode2=0x04
[DEBUG] Case 0 result: length=19, offset=1, dstPos=22
[DEBUG] Case 0: opcode1=0x05, byte1=0x00, opcode2=0x00
[DEBUG] Case 0 result: length=24, offset=1, dstPos=45
[DEBUG] Case 0: opcode1=0x00, byte1=0x00, opcode2=0x07
[DEBUG] Case 0 result: length=19, offset=1, dstPos=82
[DEBUG] Case 0: opcode1=0x00, byte1=0x71, opcode2=0x0D
[DEBUG] Case 0 result: length=19, offset=370, dstPos=108
[WARN] R2004SectionMap: Decompression failed: Invalid offset: 370 > 108
java.lang.Exception: Invalid offset: 370 > 108
	at io.dwg.core.util.R2004Lz77Decompressor.decompress(R2004Lz77Decompressor.java:68)
	at io.dwg.format.r2004.R2004SectionMap.read(R2004SectionMap.java:77)
	at io.dwg.format.r2004.R2004FileStructureHandler.readSections(R2004FileStructureHandler.java:234)
	at io.dwg.api.DwgReader.open(DwgReader.java:64)
	at io.dwg.api.DwgReader.open(DwgReader.java:40)
	at run.SimpleR2004Test.main(SimpleR2004Test.java:21)
[DEBUG] R2004: Section map loaded with 0 sections
[DEBUG] DwgReader: objectsStream found: false
  ¿—â■: R2004
  ¯Çû¥: 0
  ? ¯Çû¥¯À ƒ½§âÇüÇì
